../Core/Src/cube.cpp:34:1:RubiksCube::RubiksCube()	40	static
../Core/Src/cube.cpp:84:1:RubiksCube::~RubiksCube()	24	static
../Core/Src/cube.cpp:93:6:void RubiksCube::RotCubePinceDroiteAntiHoraire()	16	static
../Core/Src/cube.cpp:99:6:void RubiksCube::RotCubePinceDroiteHoraire()	16	static
../Core/Src/cube.cpp:105:6:void RubiksCube::RotCubePinceGaucheAntiHoraire()	16	static
../Core/Src/cube.cpp:111:6:void RubiksCube::RotCubePinceGaucheHoraire()	16	static
../Core/Src/cube.cpp:117:6:void RubiksCube::affichage() const	24	static
../Core/Src/cube.cpp:128:6:void RubiksCube::CopyCube()	24	static
../Core/Src/cube.cpp:136:6:void RubiksCube::RotateFace(int)	16	static
../Core/Src/cube.cpp:164:6:void RubiksCube::BringToTop_Front(int, int)	32	static
../Core/Src/cube.cpp:176:6:void RubiksCube::BringToFront(int)	16	static
../Core/Src/cube.cpp:206:6:void RubiksCube::BringToTop(int)	16	static
../Core/Src/cube.cpp:249:5:int RubiksCube::WhereIsColor(int)	24	static
../Core/Src/cube.cpp:273:6:void RubiksCube::RotateEquatorY()	16	static
../Core/Src/cube.cpp:295:6:void RubiksCube::RotateEquatorX()	16	static
../Core/Src/cube.cpp:317:6:void RubiksCube::RotateEquatorZ()	16	static
../Core/Src/cube.cpp:339:6:void RubiksCube::RotateUp()	16	static
../Core/Src/cube.cpp:360:6:void RubiksCube::RotateDown()	16	static
../Core/Src/cube.cpp:381:6:void RubiksCube::RotateBack()	16	static
../Core/Src/cube.cpp:402:6:void RubiksCube::RotateFront()	16	static
../Core/Src/cube.cpp:423:6:void RubiksCube::RotateLeft()	16	static
../Core/Src/cube.cpp:444:6:void RubiksCube::RotateRight()	16	static
../Core/Src/cube.cpp:464:6:void RubiksCube::MoveR()	16	static
../Core/Src/cube.cpp:471:6:void RubiksCube::MoveR2()	16	static
../Core/Src/cube.cpp:478:6:void RubiksCube::MoveRprime()	16	static
../Core/Src/cube.cpp:487:6:void RubiksCube::MoveL()	16	static
../Core/Src/cube.cpp:496:6:void RubiksCube::MoveL2()	16	static
../Core/Src/cube.cpp:503:6:void RubiksCube::MoveLprime()	16	static
../Core/Src/cube.cpp:512:6:void RubiksCube::MoveU()	16	static
../Core/Src/cube.cpp:519:6:void RubiksCube::MoveU2()	16	static
../Core/Src/cube.cpp:526:6:void RubiksCube::MoveUprime()	16	static
../Core/Src/cube.cpp:535:6:void RubiksCube::MoveD()	16	static
../Core/Src/cube.cpp:543:6:void RubiksCube::MoveD2()	16	static
../Core/Src/cube.cpp:550:6:void RubiksCube::MoveDprime()	16	static
../Core/Src/cube.cpp:559:6:void RubiksCube::MoveF()	16	static
../Core/Src/cube.cpp:566:6:void RubiksCube::MoveF2()	16	static
../Core/Src/cube.cpp:573:6:void RubiksCube::MoveFprime()	16	static
../Core/Src/cube.cpp:582:6:void RubiksCube::MoveB()	16	static
../Core/Src/cube.cpp:589:6:void RubiksCube::MoveB2()	16	static
../Core/Src/cube.cpp:595:6:void RubiksCube::MoveBprime()	16	static
