c:\st\stm32cubeide_1.11.0\stm32cubeide\plugins\com.st.stm32cube.ide.mcu.externaltools.gnu-tools-for-stm32.10.3-2021.10.win32_1.0.100.202210260954\tools\bin\../lib/gcc/arm-none-eabi/10.3.1/../../../../arm-none-eabi/include/c++/10.3.1/arm-none-eabi/thumb/v7e-m+fp/hard/bits/gthr-default.h:229:1:int __gthread_key_delete(__gthread_key_t)	16	static
../Core/Src/main.cpp:154:15:unsigned char solve()	32	static
../Core/Src/main.cpp:421:6:void setPWM(TIM_HandleTypeDef, uint32_t, uint16_t, uint16_t)	40	static
../Core/Src/main.cpp:447:6:void initServosPosition()	96	static
../Core/Src/main.cpp:492:6:void replace()	96	static
../Core/Src/main.cpp:501:6:void LeftCWBody()	96	static
../Core/Src/main.cpp:517:6:void LeftAWBody()	96	static
../Core/Src/main.cpp:533:6:void LeftCWSide()	96	static
../Core/Src/main.cpp:545:6:void LeftAWSide()	96	static
../Core/Src/main.cpp:557:6:void RightCWBody()	96	static
../Core/Src/main.cpp:573:6:void RightAWBody()	96	static
../Core/Src/main.cpp:589:6:void RightCWSide()	96	static
../Core/Src/main.cpp:601:6:void RightAWSide()	96	static
../Core/Src/main.cpp:621:5:int WhichColorWasHere(int)	16	static
../Core/Src/main.cpp:641:6:void Act(int, int)	16	static
../Core/Src/main.cpp:758:6:void ActR2()	8	static
../Core/Src/main.cpp:770:6:void ActRp()	8	static
../Core/Src/main.cpp:780:6:void ActR()	8	static
../Core/Src/main.cpp:790:6:void ActL2()	8	static
../Core/Src/main.cpp:802:6:void ActLp()	8	static
../Core/Src/main.cpp:812:6:void ActL()	8	static
../Core/Src/main.cpp:822:6:void ActU2()	8	static
../Core/Src/main.cpp:836:6:void ActUp()	8	static
../Core/Src/main.cpp:848:6:void ActU()	8	static
../Core/Src/main.cpp:860:6:void ActD2()	8	static
../Core/Src/main.cpp:869:6:void ActDp()	8	static
../Core/Src/main.cpp:876:6:void ActD()	8	static
../Core/Src/main.cpp:883:6:void ActF2()	8	static
../Core/Src/main.cpp:897:6:void ActFp()	8	static
../Core/Src/main.cpp:909:6:void ActF()	8	static
../Core/Src/main.cpp:921:6:void ActB2()	8	static
../Core/Src/main.cpp:930:6:void ActBp()	8	static
../Core/Src/main.cpp:937:6:void ActB()	8	static
../Core/Src/main.cpp:950:5:int main()	16	static
../Core/Src/main.cpp:1018:6:void SystemClock_Config()	88	static
../Core/Src/main.cpp:1058:13:void MX_TIM3_Init()	48	static
../Core/Src/main.cpp:1119:13:void MX_USART2_UART_Init()	8	static
../Core/Src/main.cpp:1152:13:void MX_GPIO_Init()	48	static
../Core/Src/main.cpp:1188:6:void Error_Handler()	4	static,ignoring_inline_asm
../Core/Src/main.cpp:1197:1:void __static_initialization_and_destruction_0(int, int)	16	static
../Core/Src/main.cpp:1197:1:cpp)	8	static
../Core/Src/main.cpp:1197:1:cpp)	8	static
